******************************************************************************
            TI ARM Clang Linker Unix v1.3.0                    
******************************************************************************
>> Linked Tue Aug  1 01:25:47 2023

OUTPUT FILE NAME:   <bim_onchip_LP_CC2651P3_nortos_ticlang.out>
ENTRY POINT SYMBOL: "ResetISR"  address: 00056885


MEMORY CONFIGURATION

         name            origin    length      used     unused   attr    fill
----------------------  --------  ---------  --------  --------  ----  --------
  FLASH_BIM             00056000   00001f54  000008c6  0000168e  R  X
  FLASH_CERT            00057f54   0000004c  00000000  0000004c  R  X
  FLASH_FNPTR           00057fa0   00000004  00000000  00000004  R  X
  FLASH_CCFG            00057fa8   00000058  00000000  00000058  R  X
  SRAM                  20000300   00007d00  00000204  00007afc  RW X


SEGMENT ALLOCATION MAP

run origin  load origin   length   init length attrs members
----------  ----------- ---------- ----------- ----- -------
00056000    00056000    000008cc   000008cc    r-x
  00056000    00056000    000000d8   000000d8    r-- .resetVecs
  000560d8    000560d8    000007ca   000007ca    r-x .text
  000568a2    000568a2    00000010   00000010    r-- .rodata
  000568b8    000568b8    00000014   00000014    r-- .cinit
20000300    20000300    00000104   00000000    rw-
  20000300    20000300    00000104   00000000    rw- .bss
20007f00    20007f00    00000100   00000000    rw-
  20007f00    20007f00    00000100   00000000    rw- .stack


SECTION ALLOCATION MAP

 output                                  attributes/
section   page    origin      length       input sections
--------  ----  ----------  ----------   ----------------
.resetVecs 
*          0    00056000    000000d8     
                  00056000    000000d8     startup_ticlang.o (.resetVecs)

.text      0    000560d8    000007ca     
                  000560d8    00000164     crc32.o (.text.CRC32_calc)
                  0005623c    00000104     driverlib.lib : sys_ctrl.o (.text.NOROM_SysCtrlStandby)
                  00056340    000000ee                   : setup.o (.text.TrimAfterColdResetWakeupFromShutDown)
                  0005642e    00000002     startup_ticlang.o (.text.FaultISR)
                  00056430    000000e4     driverlib.lib : setup.o (.text.NOROM_SetupTrimDevice)
                  00056514    000000b0     bim_onchip_main.o (.text.Bim_findImage)
                  000565c4    00000048     driverlib.lib : aux_sysif.o (.text.NOROM_AUXSYSIFOpModeChange)
                  0005660c    00000044                   : prcm.o (.text.NOROM_PRCMPowerDomainsAllOff)
                  00056650    0000003c     bim_onchip_main.o (.text.main)
                  0005668c    0000003c     flash_interface_internal.o (.text.writeFlashPg)
                  000566c8    0000003c     libc.a : autoinit.c.obj (.text:__TI_auto_init_nobinit_nopinit)
                  00056704    00000038     flash_interface_internal.o (.text.disableCache)
                  0005673c    00000028     flash_interface_internal.o (.text.readFlashPg)
                  00056764    00000026     driverlib.lib : chipinfo.o (.text.NOROM_ThisLibraryIsFor_CC13x1_CC26x1_HaltIfViolated)
                  0005678a    00000002     startup_ticlang.o (.text.IntDefaultHandler)
                  0005678c    00000024     libc.a : boot_cortex_m.c.obj (.text:_c_int00_noargs)
                  000567b0    00000020     crc32.o (.text.CRC32_value)
                  000567d0    00000020     bim_util.o (.text.imgIDCheck)
                  000567f0    0000001e     driverlib.lib : flash.o (.text.NOROM_FlashProgram)
                  0005680e    00000016     crc32.o (.text.CRC32_memCpy)
                  00056824    00000016     bim_util.o (.text.setLowPowerMode)
                  0005683a    00000012     bim_util.o (.text.evenBitCount)
                  0005684c    00000012     libc.a : copy_zero_init.c.obj (.text:decompress:ZI:__TI_zero_init_nomemset)
                  0005685e    0000000e     flash_interface_internal.o (.text.IntMasterDisable)
                  0005686c    0000000c     driverlib.lib : cpu.o (.text.NOROM_CPUcpsid)
                  00056878    0000000c                   : cpu.o (.text.NOROM_CPUcpsie)
                  00056884    0000000a     startup_ticlang.o (.text.ResetISR)
                  0005688e    0000000a     bim_util.o (.text.jumpToPrgEntry)
                  00056898    00000004     libc.a : pre_init.c.obj (.text._system_pre_init)
                  0005689c    00000004            : exit.c.obj (.text:abort)
                  000568a0    00000002     startup_ticlang.o (.text.NmiSR)

.rodata    0    000568a2    00000010     
                  000568a2    00000008     bim_util.o (.rodata.OAD_IMG_ID)
                  000568aa    00000008     driverlib.lib : aux_sysif.o (.rodata.cst4)

.cinit     0    000568b8    00000014     
                  000568b8    00000008     (.cinit..bss.load) [load image, compression = zero_init]
                  000568c0    00000004     (__TI_handler_table)
                  000568c4    00000008     (__TI_cinit_table)

.init_array 
*          0    00056000    00000000     UNINITIALIZED

.bss       0    20000300    00000104     UNINITIALIZED
                  20000300    00000100     (.common:crcBuf)
                  20000400    00000004     bim_onchip_main.o (.bss.intFlashPageSize)

.stack     0    20007f00    00000100     UNINITIALIZED
                  20007f00    00000004     libc.a : boot_cortex_m.c.obj (.stack)
                  20007f04    000000fc     --HOLE--

__llvm_prf_cnts 
*          0    20000300    00000000     UNINITIALIZED

MODULE SUMMARY

       Module                       code   ro data   rw data
       ------                       ----   -------   -------
    ./Application/
       crc32.o                      410    0         256    
       bim_onchip_main.o            236    0         4      
       startup_ticlang.o            16     216       0      
       flash_interface_internal.o   170    0         0      
       bim_util.o                   82     8         0      
    +--+----------------------------+------+---------+---------+
       Total:                       914    224       260    
                                                            
    /home/juwan/ti/simplelink_cc13xx_cc26xx_sdk_7_10_01_24/source/ti/devices/cc13x1_cc26x1/driverlib/bin/ticlang/driverlib.lib
       setup.o                      466    0         0      
       sys_ctrl.o                   260    0         0      
       aux_sysif.o                  72     8         0      
       prcm.o                       68     0         0      
       chipinfo.o                   38     0         0      
       flash.o                      30     0         0      
       cpu.o                        24     0         0      
    +--+----------------------------+------+---------+---------+
       Total:                       958    8         0      
                                                            
    /home/juwan/ti/ti_cgt_tiarmclang_1.3.0.LTS/lib/armv7em-ti-none-eabi/c/libc.a
       autoinit.c.obj               60     0         0      
       boot_cortex_m.c.obj          36     0         0      
       copy_zero_init.c.obj         18     0         0      
       exit.c.obj                   4      0         0      
       pre_init.c.obj               4      0         0      
    +--+----------------------------+------+---------+---------+
       Total:                       122    0         0      
                                                            
       Stack:                       0      0         256    
       Linker Generated:            0      20        0      
    +--+----------------------------+------+---------+---------+
       Grand Total:                 1994   252       516    


LINKER GENERATED COPY TABLES

__TI_cinit_table @ 000568c4 records: 1, size/record: 8, table size: 8
	.bss: load addr=000568b8, load size=00000008 bytes, run addr=20000300, run size=00000104 bytes, compression=zero_init


LINKER GENERATED HANDLER TABLE

__TI_handler_table @ 000568c0 records: 1, size/record: 4, table size: 4
	index: 0, handler: __TI_zero_init


GLOBAL SYMBOLS: SORTED ALPHABETICALLY BY Name 

address   name                                               
-------   ----                                               
0005689c  C$$EXIT                                            
000560d9  CRC32_calc                                         
0005680f  CRC32_memCpy                                       
000567b1  CRC32_value                                        
000565c5  NOROM_AUXSYSIFOpModeChange                         
0005686d  NOROM_CPUcpsid                                     
00056879  NOROM_CPUcpsie                                     
000567f1  NOROM_FlashProgram                                 
0005660d  NOROM_PRCMPowerDomainsAllOff                       
00056431  NOROM_SetupTrimDevice                              
0005623d  NOROM_SysCtrlStandby                               
00056765  NOROM_ThisLibraryIsFor_CC13x1_CC26x1_HaltIfViolated
000568a2  OAD_IMG_ID                                         
00056885  ResetISR                                           
20008000  __STACK_END                                        
00000100  __STACK_SIZE                                       
20008000  __STACK_TOP                                        
000568c4  __TI_CINIT_Base                                    
000568cc  __TI_CINIT_Limit                                   
000568cc  __TI_CINIT_Warm                                    
000568c0  __TI_Handler_Table_Base                            
000568c4  __TI_Handler_Table_Limit                           
000566c9  __TI_auto_init_nobinit_nopinit                     
ffffffff  __TI_pprof_out_hndl                                
ffffffff  __TI_prof_data_size                                
ffffffff  __TI_prof_data_start                               
000568b8  __TI_static_base__                                 
0005684d  __TI_zero_init_nomemset                            
ffffffff  __binit__                                          
UNDEFED   __mpu_init                                         
20007f00  __stack                                            
20000300  __start___llvm_prf_cnts                            
20000300  __stop___llvm_prf_cnts                             
0005678d  _c_int00_noargs                                    
UNDEFED   _system_post_cinit                                 
00056899  _system_pre_init                                   
0005689d  abort                                              
ffffffff  binit                                              
20000300  crcBuf                                             
0005683b  evenBitCount                                       
00056000  g_pfnVectors                                       
000567d1  imgIDCheck                                         
0005688f  jumpToPrgEntry                                     
00056651  main                                               
0005673d  readFlashPg                                        
00056825  setLowPowerMode                                    
0005668d  writeFlashPg                                       


GLOBAL SYMBOLS: SORTED BY Symbol Address 

address   name                                               
-------   ----                                               
00000100  __STACK_SIZE                                       
00056000  g_pfnVectors                                       
000560d9  CRC32_calc                                         
0005623d  NOROM_SysCtrlStandby                               
00056431  NOROM_SetupTrimDevice                              
000565c5  NOROM_AUXSYSIFOpModeChange                         
0005660d  NOROM_PRCMPowerDomainsAllOff                       
00056651  main                                               
0005668d  writeFlashPg                                       
000566c9  __TI_auto_init_nobinit_nopinit                     
0005673d  readFlashPg                                        
00056765  NOROM_ThisLibraryIsFor_CC13x1_CC26x1_HaltIfViolated
0005678d  _c_int00_noargs                                    
000567b1  CRC32_value                                        
000567d1  imgIDCheck                                         
000567f1  NOROM_FlashProgram                                 
0005680f  CRC32_memCpy                                       
00056825  setLowPowerMode                                    
0005683b  evenBitCount                                       
0005684d  __TI_zero_init_nomemset                            
0005686d  NOROM_CPUcpsid                                     
00056879  NOROM_CPUcpsie                                     
00056885  ResetISR                                           
0005688f  jumpToPrgEntry                                     
00056899  _system_pre_init                                   
0005689c  C$$EXIT                                            
0005689d  abort                                              
000568a2  OAD_IMG_ID                                         
000568b8  __TI_static_base__                                 
000568c0  __TI_Handler_Table_Base                            
000568c4  __TI_CINIT_Base                                    
000568c4  __TI_Handler_Table_Limit                           
000568cc  __TI_CINIT_Limit                                   
000568cc  __TI_CINIT_Warm                                    
20000300  __start___llvm_prf_cnts                            
20000300  __stop___llvm_prf_cnts                             
20000300  crcBuf                                             
20007f00  __stack                                            
20008000  __STACK_END                                        
20008000  __STACK_TOP                                        
ffffffff  __TI_pprof_out_hndl                                
ffffffff  __TI_prof_data_size                                
ffffffff  __TI_prof_data_start                               
ffffffff  __binit__                                          
ffffffff  binit                                              
UNDEFED   __mpu_init                                         
UNDEFED   _system_post_cinit                                 

[47 symbols]
